
PROGRAM "X:\Code\BME680\SW_Test_BME680_DZ60_C_V01\bin\Project.abs"

*********************************************************************************************
TARGET SECTION
---------------------------------------------------------------------------------------------
Processor   : Freescale HC08
Memory Model: SMALL
File Format : ELF\DWARF 2.0
Linker      : SmartLinker V-5.0.37 Build 9279, Oct  7 2009

*********************************************************************************************
FILE SECTION
---------------------------------------------------------------------------------------------
main.c.o                                Model: SMALL,         Lang: ANSI-C
MATH.C.o (ansifs.lib)                   Model: SMALL,         Lang: ANSI-C
MATH08D.C.o (ansifs.lib)                Model: SMALL,         Lang: ANSI-C
MATH08F.C.o (ansifs.lib)                Model: SMALL,         Lang: ANSI-C
RTSHC08.C.o (ansifs.lib)                Model: SMALL,         Lang: ANSI-C
MC9S08DZ60.C.o                          Model: SMALL,         Lang: ANSI-C
Start08.c.o                             Model: SMALL,         Lang: ANSI-C
Init_MCU.c.o                            Model: SMALL,         Lang: ANSI-C
Variablen.c.o                           Model: SMALL,         Lang: ANSI-C
Realtime.c.o                            Model: SMALL,         Lang: ANSI-C
Blinklicht.c.o                          Model: SMALL,         Lang: ANSI-C
BME680_V01.c.o                          Model: SMALL,         Lang: ANSI-C
SPI_V01.c.o                             Model: SMALL,         Lang: ANSI-C

*********************************************************************************************
STARTUP SECTION
---------------------------------------------------------------------------------------------
Entry point: 0x197B (_Startup)
_startupData is allocated at 0x19B0 and uses 6 Bytes
extern struct _tagStartup {
  unsigned nofZeroOut     2
  _Range   pZeroOut       0x80     70
                          0x100     2
  _Copy    *toCopyDownBeg 0x39FF
} _startupData;

*********************************************************************************************
SECTION-ALLOCATION SECTION
Section Name                    Size  Type     From       To       Segment
---------------------------------------------------------------------------------------------
.init                            176     R     0x1900     0x19AF   ROM
.startData                        14     R     0x19B0     0x19BD   ROM
.rodata                            8     R     0x19BE     0x19C5   ROM
.text                           8249     R     0x19C6     0x39FE   ROM
.copy                              2     R     0x39FF     0x3A00   ROM
_DATA_ZEROPAGE                    70   R/W       0x80       0xC5   Z_RAM
.abs_section_0                     1   N/I        0x0        0x0   .absSeg0
.abs_section_1                     1   N/I        0x1        0x1   .absSeg1
.abs_section_2                     1   N/I        0x2        0x2   .absSeg2
.abs_section_3                     1   N/I        0x3        0x3   .absSeg3
.abs_section_4                     1   N/I        0x4        0x4   .absSeg4
.abs_section_5                     1   N/I        0x5        0x5   .absSeg5
.abs_section_6                     1   N/I        0x6        0x6   .absSeg6
.abs_section_7                     1   N/I        0x7        0x7   .absSeg7
.abs_section_8                     1   N/I        0x8        0x8   .absSeg8
.abs_section_9                     1   N/I        0x9        0x9   .absSeg9
.abs_section_a                     1   N/I        0xA        0xA   .absSeg10
.abs_section_b                     1   N/I        0xB        0xB   .absSeg11
.abs_section_c                     1   N/I        0xC        0xC   .absSeg12
.abs_section_d                     1   N/I        0xD        0xD   .absSeg13
.abs_section_e                     1   N/I        0xE        0xE   .absSeg14
.abs_section_f                     1   N/I        0xF        0xF   .absSeg15
.abs_section_10                    1   N/I       0x10       0x10   .absSeg16
.abs_section_11                    1   N/I       0x11       0x11   .absSeg17
.abs_section_16                    1   N/I       0x16       0x16   .absSeg18
.abs_section_17                    1   N/I       0x17       0x17   .absSeg19
.abs_section_18                    1   N/I       0x18       0x18   .absSeg20
.abs_section_19                    1   N/I       0x19       0x19   .absSeg21
.abs_section_1c                    1   N/I       0x1C       0x1C   .absSeg22
.abs_section_20                    1   N/I       0x20       0x20   .absSeg23
.abs_section_25                    1   N/I       0x25       0x25   .absSeg24
.abs_section_28                    1   N/I       0x28       0x28   .absSeg25
.abs_section_2b                    1   N/I       0x2B       0x2B   .absSeg26
.abs_section_2e                    1   N/I       0x2E       0x2E   .absSeg27
.abs_section_31                    1   N/I       0x31       0x31   .absSeg28
.abs_section_34                    1   N/I       0x34       0x34   .absSeg29
.abs_section_3a                    1   N/I       0x3A       0x3A   .absSeg30
.abs_section_3b                    1   N/I       0x3B       0x3B   .absSeg31
.abs_section_3c                    1   N/I       0x3C       0x3C   .absSeg32
.abs_section_3d                    1   N/I       0x3D       0x3D   .absSeg33
.abs_section_3e                    1   N/I       0x3E       0x3E   .absSeg34
.abs_section_3f                    1   N/I       0x3F       0x3F   .absSeg35
.abs_section_42                    1   N/I       0x42       0x42   .absSeg36
.abs_section_43                    1   N/I       0x43       0x43   .absSeg37
.abs_section_44                    1   N/I       0x44       0x44   .absSeg38
.abs_section_45                    1   N/I       0x45       0x45   .absSeg39
.abs_section_46                    1   N/I       0x46       0x46   .absSeg40
.abs_section_47                    1   N/I       0x47       0x47   .absSeg41
.abs_section_48                    1   N/I       0x48       0x48   .absSeg42
.abs_section_49                    1   N/I       0x49       0x49   .absSeg43
.abs_section_4a                    1   N/I       0x4A       0x4A   .absSeg44
.abs_section_4b                    1   N/I       0x4B       0x4B   .absSeg45
.abs_section_4c                    1   N/I       0x4C       0x4C   .absSeg46
.abs_section_50                    1   N/I       0x50       0x50   .absSeg47
.abs_section_51                    1   N/I       0x51       0x51   .absSeg48
.abs_section_52                    1   N/I       0x52       0x52   .absSeg49
.abs_section_53                    1   N/I       0x53       0x53   .absSeg50
.abs_section_55                    1   N/I       0x55       0x55   .absSeg51
.abs_section_58                    1   N/I       0x58       0x58   .absSeg52
.abs_section_59                    1   N/I       0x59       0x59   .absSeg53
.abs_section_5a                    1   N/I       0x5A       0x5A   .absSeg54
.abs_section_5b                    1   N/I       0x5B       0x5B   .absSeg55
.abs_section_5c                    1   N/I       0x5C       0x5C   .absSeg56
.abs_section_5d                    1   N/I       0x5D       0x5D   .absSeg57
.abs_section_60                    1   N/I       0x60       0x60   .absSeg58
.abs_section_65                    1   N/I       0x65       0x65   .absSeg59
.abs_section_68                    1   N/I       0x68       0x68   .absSeg60
.abs_section_6c                    1   N/I       0x6C       0x6C   .absSeg61
.abs_section_6d                    1   N/I       0x6D       0x6D   .absSeg62
.abs_section_6e                    1   N/I       0x6E       0x6E   .absSeg63
.abs_section_1800                  1   N/I     0x1800     0x1800   .absSeg64
.abs_section_1801                  1   N/I     0x1801     0x1801   .absSeg65
.abs_section_1802                  1   N/I     0x1802     0x1802   .absSeg66
.abs_section_1803                  1   N/I     0x1803     0x1803   .absSeg67
.abs_section_1809                  1   N/I     0x1809     0x1809   .absSeg68
.abs_section_180a                  1   N/I     0x180A     0x180A   .absSeg69
.abs_section_1816                  1   N/I     0x1816     0x1816   .absSeg70
.abs_section_1817                  1   N/I     0x1817     0x1817   .absSeg71
.abs_section_1818                  1   N/I     0x1818     0x1818   .absSeg72
.abs_section_1820                  1   N/I     0x1820     0x1820   .absSeg73
.abs_section_1821                  1   N/I     0x1821     0x1821   .absSeg74
.abs_section_1823                  1   N/I     0x1823     0x1823   .absSeg75
.abs_section_1824                  1   N/I     0x1824     0x1824   .absSeg76
.abs_section_1825                  1   N/I     0x1825     0x1825   .absSeg77
.abs_section_1826                  1   N/I     0x1826     0x1826   .absSeg78
.abs_section_1840                  1   N/I     0x1840     0x1840   .absSeg79
.abs_section_1841                  1   N/I     0x1841     0x1841   .absSeg80
.abs_section_1842                  1   N/I     0x1842     0x1842   .absSeg81
.abs_section_1844                  1   N/I     0x1844     0x1844   .absSeg82
.abs_section_1845                  1   N/I     0x1845     0x1845   .absSeg83
.abs_section_1846                  1   N/I     0x1846     0x1846   .absSeg84
.abs_section_1848                  1   N/I     0x1848     0x1848   .absSeg85
.abs_section_1849                  1   N/I     0x1849     0x1849   .absSeg86
.abs_section_184a                  1   N/I     0x184A     0x184A   .absSeg87
.abs_section_184c                  1   N/I     0x184C     0x184C   .absSeg88
.abs_section_184d                  1   N/I     0x184D     0x184D   .absSeg89
.abs_section_184e                  1   N/I     0x184E     0x184E   .absSeg90
.abs_section_1850                  1   N/I     0x1850     0x1850   .absSeg91
.abs_section_1851                  1   N/I     0x1851     0x1851   .absSeg92
.abs_section_1852                  1   N/I     0x1852     0x1852   .absSeg93
.abs_section_1858                  1   N/I     0x1858     0x1858   .absSeg94
.abs_section_1859                  1   N/I     0x1859     0x1859   .absSeg95
.abs_section_185a                  1   N/I     0x185A     0x185A   .absSeg96
.abs_section_185c                  1   N/I     0x185C     0x185C   .absSeg97
.abs_section_185d                  1   N/I     0x185D     0x185D   .absSeg98
.abs_section_185e                  1   N/I     0x185E     0x185E   .absSeg99
.abs_section_1860                  1   N/I     0x1860     0x1860   .absSeg100
.abs_section_1861                  1   N/I     0x1861     0x1861   .absSeg101
.abs_section_1862                  1   N/I     0x1862     0x1862   .absSeg102
.abs_section_1868                  1   N/I     0x1868     0x1868   .absSeg103
.abs_section_1869                  1   N/I     0x1869     0x1869   .absSeg104
.abs_section_186a                  1   N/I     0x186A     0x186A   .absSeg105
.abs_section_1870                  1   N/I     0x1870     0x1870   .absSeg106
.abs_section_1871                  1   N/I     0x1871     0x1871   .absSeg107
.abs_section_1872                  1   N/I     0x1872     0x1872   .absSeg108
.abs_section_1880                  1   N/I     0x1880     0x1880   .absSeg109
.abs_section_1881                  1   N/I     0x1881     0x1881   .absSeg110
.abs_section_1882                  1   N/I     0x1882     0x1882   .absSeg111
.abs_section_1883                  1   N/I     0x1883     0x1883   .absSeg112
.abs_section_1884                  1   N/I     0x1884     0x1884   .absSeg113
.abs_section_1885                  1   N/I     0x1885     0x1885   .absSeg114
.abs_section_1886                  1   N/I     0x1886     0x1886   .absSeg115
.abs_section_1887                  1   N/I     0x1887     0x1887   .absSeg116
.abs_section_1888                  1   N/I     0x1888     0x1888   .absSeg117
.abs_section_1889                  1   N/I     0x1889     0x1889   .absSeg118
.abs_section_188a                  1   N/I     0x188A     0x188A   .absSeg119
.abs_section_188b                  1   N/I     0x188B     0x188B   .absSeg120
.abs_section_188d                  1   N/I     0x188D     0x188D   .absSeg121
.abs_section_188e                  1   N/I     0x188E     0x188E   .absSeg122
.abs_section_188f                  1   N/I     0x188F     0x188F   .absSeg123
.abs_section_1890                  1   N/I     0x1890     0x1890   .absSeg124
.abs_section_1891                  1   N/I     0x1891     0x1891   .absSeg125
.abs_section_1892                  1   N/I     0x1892     0x1892   .absSeg126
.abs_section_1893                  1   N/I     0x1893     0x1893   .absSeg127
.abs_section_1894                  1   N/I     0x1894     0x1894   .absSeg128
.abs_section_1895                  1   N/I     0x1895     0x1895   .absSeg129
.abs_section_1896                  1   N/I     0x1896     0x1896   .absSeg130
.abs_section_1897                  1   N/I     0x1897     0x1897   .absSeg131
.abs_section_1898                  1   N/I     0x1898     0x1898   .absSeg132
.abs_section_1899                  1   N/I     0x1899     0x1899   .absSeg133
.abs_section_189a                  1   N/I     0x189A     0x189A   .absSeg134
.abs_section_189b                  1   N/I     0x189B     0x189B   .absSeg135
.abs_section_189c                  1   N/I     0x189C     0x189C   .absSeg136
.abs_section_189d                  1   N/I     0x189D     0x189D   .absSeg137
.abs_section_189e                  1   N/I     0x189E     0x189E   .absSeg138
.abs_section_189f                  1   N/I     0x189F     0x189F   .absSeg139
.abs_section_18a4                  1   N/I     0x18A4     0x18A4   .absSeg140
.abs_section_18a5                  1   N/I     0x18A5     0x18A5   .absSeg141
.abs_section_18a6                  1   N/I     0x18A6     0x18A6   .absSeg142
.abs_section_18a7                  1   N/I     0x18A7     0x18A7   .absSeg143
.abs_section_18a8                  1   N/I     0x18A8     0x18A8   .absSeg144
.abs_section_18a9                  1   N/I     0x18A9     0x18A9   .absSeg145
.abs_section_18aa                  1   N/I     0x18AA     0x18AA   .absSeg146
.abs_section_18ab                  1   N/I     0x18AB     0x18AB   .absSeg147
.abs_section_18ac                  1   N/I     0x18AC     0x18AC   .absSeg148
.abs_section_18b4                  1   N/I     0x18B4     0x18B4   .absSeg149
.abs_section_18b5                  1   N/I     0x18B5     0x18B5   .absSeg150
.abs_section_18b6                  1   N/I     0x18B6     0x18B6   .absSeg151
.abs_section_18b7                  1   N/I     0x18B7     0x18B7   .absSeg152
.abs_section_18b8                  1   N/I     0x18B8     0x18B8   .absSeg153
.abs_section_18b9                  1   N/I     0x18B9     0x18B9   .absSeg154
.abs_section_18ba                  1   N/I     0x18BA     0x18BA   .absSeg155
.abs_section_18bb                  1   N/I     0x18BB     0x18BB   .absSeg156
.abs_section_18bc                  1   N/I     0x18BC     0x18BC   .absSeg157
.abs_section_18bd                  1   N/I     0x18BD     0x18BD   .absSeg158
.abs_section_12                    2   N/I       0x12       0x13   .absSeg159
.abs_section_14                    2   N/I       0x14       0x15   .absSeg160
.abs_section_21                    2   N/I       0x21       0x22   .absSeg161
.abs_section_23                    2   N/I       0x23       0x24   .absSeg162
.abs_section_26                    2   N/I       0x26       0x27   .absSeg163
.abs_section_29                    2   N/I       0x29       0x2A   .absSeg164
.abs_section_2c                    2   N/I       0x2C       0x2D   .absSeg165
.abs_section_2f                    2   N/I       0x2F       0x30   .absSeg166
.abs_section_32                    2   N/I       0x32       0x33   .absSeg167
.abs_section_35                    2   N/I       0x35       0x36   .absSeg168
.abs_section_38                    2   N/I       0x38       0x39   .absSeg169
.abs_section_40                    2   N/I       0x40       0x41   .absSeg170
.abs_section_61                    2   N/I       0x61       0x62   .absSeg171
.abs_section_63                    2   N/I       0x63       0x64   .absSeg172
.abs_section_66                    2   N/I       0x66       0x67   .absSeg173
.abs_section_69                    2   N/I       0x69       0x6A   .absSeg174
.abs_section_1806                  2   N/I     0x1806     0x1807   .absSeg175
.abs_section_1810                  2   N/I     0x1810     0x1811   .absSeg176
.abs_section_1812                  2   N/I     0x1812     0x1813   .absSeg177
.abs_section_1814                  2   N/I     0x1814     0x1815   .absSeg178
.abs_section_18ae                  2   N/I     0x18AE     0x18AF   .absSeg179
.abs_section_18be                  2   N/I     0x18BE     0x18BF   .absSeg180
.abs_section_18a0                  4   N/I     0x18A0     0x18A3   .absSeg181
.abs_section_18b0                  4   N/I     0x18B0     0x18B3   .absSeg182
.common                            2   R/W      0x100      0x101   RAM
.stack                           128   R/W      0x102      0x181   RAM
.vectSeg183_vect                  52     R     0xFFCC     0xFFFF   .vectSeg183

Summary of section sizes per section type:
READ_ONLY (R):        2135 (dec:     8501)
READ_WRITE (R/W):       C8 (dec:      200)
NO_INIT (N/I):          D3 (dec:      211)

*********************************************************************************************
VECTOR-ALLOCATION SECTION
    Address     InitValue   InitFunction
---------------------------------------------------------------------------------------------
     0xFFCC        0x2DAC   _Realtime
     0xFFCE        0x2DD4   _Dummy
     0xFFD0        0x2DD4   _Dummy
     0xFFD2        0x2DD4   _Dummy
     0xFFD4        0x2DD4   _Dummy
     0xFFD6        0x2DD4   _Dummy
     0xFFD8        0x2DD4   _Dummy
     0xFFDA        0x2DD4   _Dummy
     0xFFDC        0x2DD4   _Dummy
     0xFFDE        0x2DD4   _Dummy
     0xFFE0        0x2DD4   _Dummy
     0xFFE2        0x2DD4   _Dummy
     0xFFE4        0x2DD4   _Dummy
     0xFFE6        0x2DD4   _Dummy
     0xFFE8        0x2DD4   _Dummy
     0xFFEA        0x2DD4   _Dummy
     0xFFEC        0x2DD4   _Dummy
     0xFFEE        0x2DD4   _Dummy
     0xFFF0        0x2DD4   _Dummy
     0xFFF2        0x2DD4   _Dummy
     0xFFF4        0x2DD4   _Dummy
     0xFFF6        0x2DD4   _Dummy
     0xFFF8        0x2DD4   _Dummy
     0xFFFA        0x2DD4   _Dummy
     0xFFFC        0x2DD4   _Dummy
     0xFFFE        0x197B   _Startup

*********************************************************************************************
OBJECT-ALLOCATION SECTION
     Name               Module                 Addr   hSize   dSize     Ref    Section   RLIB
---------------------------------------------------------------------------------------------
MODULE:                 -- main.c.o --
- PROCEDURES:
     main                                      19C6      59      89       1   .text       
- VARIABLES:
MODULE:                 -- MATH.C.o (ansifs.lib) --
- PROCEDURES:
     copysign                                  1A1F      4B      75       1   .text       
     fabs                                      1A6A      23      35       3   .text       
     isint                                     1A8D      3A      58       3   .text       
     is_special                                1AC7      4F      79       2   .text       
     pow_i                                     1B16      E0     224       1   .text       
     exp_r                                     1BF6     1B4     436       4   .text       
     log_r                                     1DAA     172     370       2   .text       
     pow                                       1F1C     2BF     703      27   .text       
- VARIABLES:
     infinity                                  19BE       4       4       4   .rodata     
     nan_union                                 19C2       4       4       2   .rodata     
MODULE:                 -- MATH08D.C.o (ansifs.lib) --
- PROCEDURES:
     modf                                      21DB       3       3       1   .text       
     frexp                                     21DE       3       3       1   .text       
     ldexp                                     21E1       3       3       4   .text       
- VARIABLES:
MODULE:                 -- MATH08F.C.o (ansifs.lib) --
- PROCEDURES:
     modff                                     21E4      A8     168       1   .text       
     frexpf                                    228C      41      65       1   .text       
     ldexpf                                    22CD      41      65       1   .text       
- VARIABLES:
MODULE:                 -- RTSHC08.C.o (ansifs.lib) --
- PROCEDURES:
     _PUSH_ARGS_L                              230E      20      32       3   .text       
     _ENTER_UNARY_L                            232E      29      41       4   .text       
     _ENTER_BINARY_L                           2357      16      22       7   .text       
     _ENTER_BINARY_L_RC                        236D      19      25       9   .text       
     _ENTER_BINARY_L_LC                        2386      1A      26       2   .text       
     _IDIVMOD                                  23A0      69     105       2   .text       
     _SPLITSIGN                                2409      1C      28       1   .text       
     _LADD_k_is_k_plus_j                       2425      1F      31       1   .text       
     _k_is_k_plus_j_l                          2444      1E      30       2   .text       
     _k_is_k_plus_j_i                          2462      12      18       3   .text       
     _LAND_k_is_k_and_j                        2474      1F      31       1   .text       
     _LOR_k_is_k_or_j                          2493      1F      31       1   .text       
     _LMUL_k_is_k_mul_j                        24B2      81     129       2   .text       
     _LDIVMOD                                  2533      A4     164       1   .text       
     _NEG_L_HX                                 25D7      13      19       4   .text       
     _ABS_L_HX                                 25EA       6       6       2   .text       
     _SPLITSIGN_L                              25F0       A      10       1   .text       
     _LDIVS_k_is_k_div_j                       25FA      27      39       1   .text       
     _LCMP_k_rel_j                             2621      1F      31       2   .text       
     _IMUL_STAR08                              2640      27      39      24   .text       
     _IDIVS_STAR08                             2667      1B      27       3   .text       
     _IDIVU_STAR08                             2682       D      13       8   .text       
     _IDIVU_8                                  268F       E      14       1   .text       
     _IASR                                     269D       C      12      10   .text       
     _ILSR                                     26A9       C      12       2   .text       
     _ILSL                                     26B5       C      12       6   .text       
     _LADD_RC                                  26C1       6       6       3   .text       
     _LAND_RC                                  26C7       6       6       3   .text       
     _LOR                                      26CD       6       6       1   .text       
     _LMUL                                     26D3       6       6       3   .text       
     _LMUL_RC                                  26D9       6       6       1   .text       
     _LDIVS_RC                                 26DF       6       6       2   .text       
     _LASR                                     26E5      16      22       1   .text       
     _LCMP                                     26FB       6       6       1   .text       
     _LCMP_RC                                  2701       6       6       3   .text       
     _COPY                                     2707      30      48      12   .text       
     _POP32                                    2737      1A      26      26   .text       
     _STORE32                                  2751      16      22       1   .text       
     _SEXT16_32                                2767       D      13       8   .text       
     _Jump_Table_Header_Addr                   2774      2F      47       1   .text       
     _Jump_Table_Header_Offset                 27A3      24      36       2   .text       
     F_CLRK                                    27C7       6       6       3   .text       
     F_CLRK_Unary                              27CD       6       6       1   .text       
     F_NANK                                    27D3       6       6       3   .text       
     F_INFK                                    27D9       6       6       3   .text       
     F_TLK                                     27DF      1E      30       2   .text       
     F_XGKL                                    27FD      48      72       1   .text       
     _UNPACK_k_to_K                            2845      58      88       3   .text       
     _UNPACK_k_to_K_Unary                      289D      58      88       1   .text       
     _UNPACK_j_to_L                            28F5      58      88       3   .text       
     _PACK_K_to_k                              294D      4F      79       3   .text       
     _PACK_K_to_k_Unary                        299C      4F      79       1   .text       
     F_NORMK                                   29EB      43      67       3   .text       
     _FADD_K_is_K_plus_L                       2A2E      B2     178       1   .text       
     _FMUL_K_is_K_times_L                      2AE0      90     144       1   .text       
     _FDIV_K_is_L_div_K                        2B70      97     151       1   .text       
     _F_LONGK                                  2C07      5A      90       1   .text       
     _F_FLOATK                                 2C61      2E      46       2   .text       
     _FCMP_k_rel_j                             2C8F      2C      44       1   .text       
     _FADD_Common                              2CBB       F      15       3   .text       
     _FSUB_Common                              2CCA       9       9       2   .text       
     _FMUL_Common                              2CD3       F      15       2   .text       
     _FDIV_Common                              2CE2       F      15       3   .text       
     _FADD                                     2CF1       7       7       4   .text       
     _FADD_RC                                  2CF8       7       7      14   .text       
     _FSUB                                     2CFF       7       7       5   .text       
     _FSUB_LC                                  2D06       7       7       2   .text       
     _FMUL                                     2D0D       7       7      21   .text       
     _FMUL_RC                                  2D14       7       7       8   .text       
     _FDIV                                     2D1B       7       7       4   .text       
     _FDIV_RC                                  2D22       7       7       1   .text       
     _FDIV_LC                                  2D29       7       7       1   .text       
     _FSTRUNC                                  2D30       B      11       3   .text       
     _FNEG                                     2D3B      18      24       2   .text       
     _FCMP_RC                                  2D53       6       6       7   .text       
     _FSFLOAT                                  2D59      1E      30       4   .text       
- VARIABLES:
     errno                                      100       2       2       2   .common     
MODULE:                 -- MC9S08DZ60.C.o --
- PROCEDURES:
- VARIABLES:
     _PTAD                                        0       1       1       1   .abs_section_0
     _PTADD                                       1       1       1       1   .abs_section_1
     _PTBD                                        2       1       1       1   .abs_section_2
     _PTBDD                                       3       1       1       1   .abs_section_3
     _PTCD                                        4       1       1       1   .abs_section_4
     _PTCDD                                       5       1       1       1   .abs_section_5
     _PTDD                                        6       1       1       4   .abs_section_6
     _PTDDD                                       7       1       1       3   .abs_section_7
     _PTED                                        8       1       1       6   .abs_section_8
     _PTEDD                                       9       1       1       5   .abs_section_9
     _PTFD                                        A       1       1       1   .abs_section_a
     _PTFDD                                       B       1       1       1   .abs_section_b
     _PTGD                                        C       1       1       1   .abs_section_c
     _PTGDD                                       D       1       1       1   .abs_section_d
     _ACMP1SC                                     E       1       1       0   .abs_section_e
     _ACMP2SC                                     F       1       1       0   .abs_section_f
     _ADCSC1                                     10       1       1       0   .abs_section_10
     _ADCSC2                                     11       1       1       0   .abs_section_11
     _ADCCFG                                     16       1       1       0   .abs_section_16
     _APCTL1                                     17       1       1       0   .abs_section_17
     _APCTL2                                     18       1       1       0   .abs_section_18
     _APCTL3                                     19       1       1       0   .abs_section_19
     _IRQSC                                      1C       1       1       0   .abs_section_1c
     _TPM1SC                                     20       1       1       0   .abs_section_20
     _TPM1C0SC                                   25       1       1       0   .abs_section_25
     _TPM1C1SC                                   28       1       1       0   .abs_section_28
     _TPM1C2SC                                   2B       1       1       0   .abs_section_2b
     _TPM1C3SC                                   2E       1       1       0   .abs_section_2e
     _TPM1C4SC                                   31       1       1       0   .abs_section_31
     _TPM1C5SC                                   34       1       1       0   .abs_section_34
     _SCI1C1                                     3A       1       1       0   .abs_section_3a
     _SCI1C2                                     3B       1       1       0   .abs_section_3b
     _SCI1S1                                     3C       1       1       0   .abs_section_3c
     _SCI1S2                                     3D       1       1       0   .abs_section_3d
     _SCI1C3                                     3E       1       1       0   .abs_section_3e
     _SCI1D                                      3F       1       1       0   .abs_section_3f
     _SCI2C1                                     42       1       1       0   .abs_section_42
     _SCI2C2                                     43       1       1       0   .abs_section_43
     _SCI2S1                                     44       1       1       0   .abs_section_44
     _SCI2S2                                     45       1       1       0   .abs_section_45
     _SCI2C3                                     46       1       1       0   .abs_section_46
     _SCI2D                                      47       1       1       0   .abs_section_47
     _MCGC1                                      48       1       1       1   .abs_section_48
     _MCGC2                                      49       1       1       1   .abs_section_49
     _MCGTRM                                     4A       1       1       1   .abs_section_4a
     _MCGSC                                      4B       1       1       5   .abs_section_4b
     _MCGC3                                      4C       1       1       1   .abs_section_4c
     _SPIC1                                      50       1       1       2   .abs_section_50
     _SPIC2                                      51       1       1       1   .abs_section_51
     _SPIBR                                      52       1       1       1   .abs_section_52
     _SPIS                                       53       1       1       7   .abs_section_53
     _SPID                                       55       1       1       5   .abs_section_55
     _IICA                                       58       1       1       0   .abs_section_58
     _IICF                                       59       1       1       0   .abs_section_59
     _IICC1                                      5A       1       1       0   .abs_section_5a
     _IICS                                       5B       1       1       0   .abs_section_5b
     _IICD                                       5C       1       1       0   .abs_section_5c
     _IICC2                                      5D       1       1       0   .abs_section_5d
     _TPM2SC                                     60       1       1       0   .abs_section_60
     _TPM2C0SC                                   65       1       1       0   .abs_section_65
     _TPM2C1SC                                   68       1       1       0   .abs_section_68
     _RTCSC                                      6C       1       1       2   .abs_section_6c
     _RTCCNT                                     6D       1       1       0   .abs_section_6d
     _RTCMOD                                     6E       1       1       1   .abs_section_6e
     _SRS                                      1800       1       1       1   .abs_section_1800
     _SBDFR                                    1801       1       1       0   .abs_section_1801
     _SOPT1                                    1802       1       1       1   .abs_section_1802
     _SOPT2                                    1803       1       1       1   .abs_section_1803
     _SPMSC1                                   1809       1       1       1   .abs_section_1809
     _SPMSC2                                   180A       1       1       1   .abs_section_180a
     _DBGC                                     1816       1       1       0   .abs_section_1816
     _DBGT                                     1817       1       1       0   .abs_section_1817
     _DBGS                                     1818       1       1       0   .abs_section_1818
     _FCDIV                                    1820       1       1       0   .abs_section_1820
     _FOPT                                     1821       1       1       0   .abs_section_1821
     _FCNFG                                    1823       1       1       0   .abs_section_1823
     _FPROT                                    1824       1       1       0   .abs_section_1824
     _FSTAT                                    1825       1       1       0   .abs_section_1825
     _FCMD                                     1826       1       1       0   .abs_section_1826
     _PTAPE                                    1840       1       1       0   .abs_section_1840
     _PTASE                                    1841       1       1       0   .abs_section_1841
     _PTADS                                    1842       1       1       0   .abs_section_1842
     _PTASC                                    1844       1       1       0   .abs_section_1844
     _PTAPS                                    1845       1       1       0   .abs_section_1845
     _PTAES                                    1846       1       1       0   .abs_section_1846
     _PTBPE                                    1848       1       1       0   .abs_section_1848
     _PTBSE                                    1849       1       1       0   .abs_section_1849
     _PTBDS                                    184A       1       1       0   .abs_section_184a
     _PTBSC                                    184C       1       1       0   .abs_section_184c
     _PTBPS                                    184D       1       1       0   .abs_section_184d
     _PTBES                                    184E       1       1       0   .abs_section_184e
     _PTCPE                                    1850       1       1       0   .abs_section_1850
     _PTCSE                                    1851       1       1       0   .abs_section_1851
     _PTCDS                                    1852       1       1       0   .abs_section_1852
     _PTDPE                                    1858       1       1       0   .abs_section_1858
     _PTDSE                                    1859       1       1       0   .abs_section_1859
     _PTDDS                                    185A       1       1       0   .abs_section_185a
     _PTDSC                                    185C       1       1       0   .abs_section_185c
     _PTDPS                                    185D       1       1       0   .abs_section_185d
     _PTDES                                    185E       1       1       0   .abs_section_185e
     _PTEPE                                    1860       1       1       0   .abs_section_1860
     _PTESE                                    1861       1       1       0   .abs_section_1861
     _PTEDS                                    1862       1       1       1   .abs_section_1862
     _PTFPE                                    1868       1       1       0   .abs_section_1868
     _PTFSE                                    1869       1       1       0   .abs_section_1869
     _PTFDS                                    186A       1       1       0   .abs_section_186a
     _PTGPE                                    1870       1       1       0   .abs_section_1870
     _PTGSE                                    1871       1       1       0   .abs_section_1871
     _PTGDS                                    1872       1       1       0   .abs_section_1872
     _CANCTL0                                  1880       1       1       0   .abs_section_1880
     _CANCTL1                                  1881       1       1       0   .abs_section_1881
     _CANBTR0                                  1882       1       1       0   .abs_section_1882
     _CANBTR1                                  1883       1       1       0   .abs_section_1883
     _CANRFLG                                  1884       1       1       0   .abs_section_1884
     _CANRIER                                  1885       1       1       0   .abs_section_1885
     _CANTFLG                                  1886       1       1       0   .abs_section_1886
     _CANTIER                                  1887       1       1       0   .abs_section_1887
     _CANTARQ                                  1888       1       1       0   .abs_section_1888
     _CANTAAK                                  1889       1       1       0   .abs_section_1889
     _CANTBSEL                                 188A       1       1       0   .abs_section_188a
     _CANIDAC                                  188B       1       1       0   .abs_section_188b
     _CANMISC                                  188D       1       1       0   .abs_section_188d
     _CANRXERR                                 188E       1       1       0   .abs_section_188e
     _CANTXERR                                 188F       1       1       0   .abs_section_188f
     _CANIDAR0                                 1890       1       1       0   .abs_section_1890
     _CANIDAR1                                 1891       1       1       0   .abs_section_1891
     _CANIDAR2                                 1892       1       1       0   .abs_section_1892
     _CANIDAR3                                 1893       1       1       0   .abs_section_1893
     _CANIDMR0                                 1894       1       1       0   .abs_section_1894
     _CANIDMR1                                 1895       1       1       0   .abs_section_1895
     _CANIDMR2                                 1896       1       1       0   .abs_section_1896
     _CANIDMR3                                 1897       1       1       0   .abs_section_1897
     _CANIDAR4                                 1898       1       1       0   .abs_section_1898
     _CANIDAR5                                 1899       1       1       0   .abs_section_1899
     _CANIDAR6                                 189A       1       1       0   .abs_section_189a
     _CANIDAR7                                 189B       1       1       0   .abs_section_189b
     _CANIDMR4                                 189C       1       1       0   .abs_section_189c
     _CANIDMR5                                 189D       1       1       0   .abs_section_189d
     _CANIDMR6                                 189E       1       1       0   .abs_section_189e
     _CANIDMR7                                 189F       1       1       0   .abs_section_189f
     _CANRDSR0                                 18A4       1       1       0   .abs_section_18a4
     _CANRDSR1                                 18A5       1       1       0   .abs_section_18a5
     _CANRDSR2                                 18A6       1       1       0   .abs_section_18a6
     _CANRDSR3                                 18A7       1       1       0   .abs_section_18a7
     _CANRDSR4                                 18A8       1       1       0   .abs_section_18a8
     _CANRDSR5                                 18A9       1       1       0   .abs_section_18a9
     _CANRDSR6                                 18AA       1       1       0   .abs_section_18aa
     _CANRDSR7                                 18AB       1       1       0   .abs_section_18ab
     _CANRDLR                                  18AC       1       1       0   .abs_section_18ac
     _CANTDSR0                                 18B4       1       1       0   .abs_section_18b4
     _CANTDSR1                                 18B5       1       1       0   .abs_section_18b5
     _CANTDSR2                                 18B6       1       1       0   .abs_section_18b6
     _CANTDSR3                                 18B7       1       1       0   .abs_section_18b7
     _CANTDSR4                                 18B8       1       1       0   .abs_section_18b8
     _CANTDSR5                                 18B9       1       1       0   .abs_section_18b9
     _CANTDSR6                                 18BA       1       1       0   .abs_section_18ba
     _CANTDSR7                                 18BB       1       1       0   .abs_section_18bb
     _CANTDLR                                  18BC       1       1       0   .abs_section_18bc
     _CANTTBPR                                 18BD       1       1       0   .abs_section_18bd
     _ADCR                                       12       2       2       0   .abs_section_12
     _ADCCV                                      14       2       2       0   .abs_section_14
     _TPM1CNT                                    21       2       2       0   .abs_section_21
     _TPM1MOD                                    23       2       2       0   .abs_section_23
     _TPM1C0V                                    26       2       2       0   .abs_section_26
     _TPM1C1V                                    29       2       2       0   .abs_section_29
     _TPM1C2V                                    2C       2       2       0   .abs_section_2c
     _TPM1C3V                                    2F       2       2       0   .abs_section_2f
     _TPM1C4V                                    32       2       2       0   .abs_section_32
     _TPM1C5V                                    35       2       2       0   .abs_section_35
     _SCI1BD                                     38       2       2       0   .abs_section_38
     _SCI2BD                                     40       2       2       0   .abs_section_40
     _TPM2CNT                                    61       2       2       0   .abs_section_61
     _TPM2MOD                                    63       2       2       0   .abs_section_63
     _TPM2C0V                                    66       2       2       0   .abs_section_66
     _TPM2C1V                                    69       2       2       0   .abs_section_69
     _SDID                                     1806       2       2       0   .abs_section_1806
     _DBGCA                                    1810       2       2       0   .abs_section_1810
     _DBGCB                                    1812       2       2       0   .abs_section_1812
     _DBGF                                     1814       2       2       0   .abs_section_1814
     _CANRTSR                                  18AE       2       2       0   .abs_section_18ae
     _CANTTSR                                  18BE       2       2       0   .abs_section_18be
     _CANRIDR                                  18A0       4       4       0   .abs_section_18a0
     _CANTIDR                                  18B0       4       4       0   .abs_section_18b0
MODULE:                 -- Start08.c.o --
- PROCEDURES:
     loadByte                                  1900       E      14       5   .init       
     Init                                      190E      6D     109       1   .init       
     _Startup                                  197B      35      53       0   .init       
- VARIABLES:
     _startupData                              19B0       6       6       4   .startData  
- LABELS:
     __SEG_END_SSTACK                           182       0       0       1               
MODULE:                 -- Init_MCU.c.o --
- PROCEDURES:
     InitMCU                                   2D77      35      53       1   .text       
- VARIABLES:
MODULE:                 -- Variablen.c.o --
- PROCEDURES:
- VARIABLES:
     RealTimeFlag                                80       1       1       4   _DATA_ZEROPAGE
     RealTimeCounter                             81       1       1       4   _DATA_ZEROPAGE
     RunLedCounter                               82       1       1       4   _DATA_ZEROPAGE
     BME680_ChipIdCorrect                        83       1       1       2   _DATA_ZEROPAGE
     BME680_H6                                   84       2       2       2   _DATA_ZEROPAGE
     BME680_resHeatRange                         86       2       2       2   _DATA_ZEROPAGE
     BME680_H3                                   88       2       2       3   _DATA_ZEROPAGE
     BME680_H4                                   8A       2       2       2   _DATA_ZEROPAGE
     BME680_H5                                   8C       2       2       2   _DATA_ZEROPAGE
     BME680_H7                                   8E       2       2       2   _DATA_ZEROPAGE
     BME680_G1                                   90       2       2       3   _DATA_ZEROPAGE
     BME680_G3                                   92       2       2       1   _DATA_ZEROPAGE
     BME680_T3                                   94       2       2       2   _DATA_ZEROPAGE
     BME680_P3                                   96       2       2       2   _DATA_ZEROPAGE
     BME680_P6                                   98       2       2       2   _DATA_ZEROPAGE
     BME680_P7                                   9A       2       2       2   _DATA_ZEROPAGE
     BME680_P10                                  9C       2       2       1   _DATA_ZEROPAGE
     BME680_resHeat                              9E       2       2       2   _DATA_ZEROPAGE
     BME680_rngSwErr                             A0       2       2       1   _DATA_ZEROPAGE
     BME680_H1                                   A2       2       2       4   _DATA_ZEROPAGE
     BME680_H2                                   A4       2       2       4   _DATA_ZEROPAGE
     BME680_T1                                   A6       2       2       4   _DATA_ZEROPAGE
     BME680_P1                                   A8       2       2       4   _DATA_ZEROPAGE
     BME680_G2                                   AA       2       2       6   _DATA_ZEROPAGE
     BME680_T2                                   AC       2       2       7   _DATA_ZEROPAGE
     BME680_P2                                   AE       2       2       4   _DATA_ZEROPAGE
     BME680_P4                                   B0       2       2       4   _DATA_ZEROPAGE
     BME680_P5                                   B2       2       2       4   _DATA_ZEROPAGE
     BME680_P8                                   B4       2       2       4   _DATA_ZEROPAGE
     BME680_P9                                   B6       2       2       4   _DATA_ZEROPAGE
     BME680_tFine                                B8       2       2       4   _DATA_ZEROPAGE
     BME680_temperature                          BA       2       2       3   _DATA_ZEROPAGE
     BME680_pressure                             BC       2       2      11   _DATA_ZEROPAGE
     BME680_humidity                             BE       2       2       4   _DATA_ZEROPAGE
     BME680_gas                                  C0       2       2       2   _DATA_ZEROPAGE
     BME680_altitudeLvl                          C2       2       2       1   _DATA_ZEROPAGE
     BME680_waitGetData                          C4       2       2       4   _DATA_ZEROPAGE
MODULE:                 -- Realtime.c.o --
- PROCEDURES:
     _Realtime                                 2DAC      1A      26       0   .text       
     InitRealtime                              2DC6       E      14       1   .text       
     _Dummy                                    2DD4       4       4       0   .text       
- VARIABLES:
MODULE:                 -- Blinklicht.c.o --
- PROCEDURES:
     Blinklicht                                2DD8      17      23       1   .text       
     InitBlinklicht                            2DEF       A      10       1   .text       
- VARIABLES:
MODULE:                 -- BME680_V01.c.o --
- PROCEDURES:
     BME680_getSensorData                      2DF9     703    1795      34   .text       
     BME680_altitude                           34FC      6B     107       1   .text       
     BME680_setOversampling                    3567      29      41       1   .text       
     BME680_setIIRFilter                       3590      13      19       1   .text       
     BME680_setGas                             35A3     193     403       1   .text       
     BME680_waitForReadings                    3736       7       7       3   .text       
     BME680_measuring                          373D      14      20       1   .text       
     BME680_triggerMeasurement                 3751       C      12       1   .text       
     BME680_Init                               375D      40      64       1   .text       
     BME680_getCalibration                     379D     1E7     487       5   .text       
- VARIABLES:
MODULE:                 -- SPI_V01.c.o --
- PROCEDURES:
     SPI_Init                                  3984      1B      27       1   .text       
     SPI_readReg                               399F      2C      44      14   .text       
     SPI_writeReg                              39CB      24      36      10   .text       
     SPI_WaitSend                              39EF       4       4       4   .text       
     SPI_Wait                                  39F3       C      12       4   .text       
- VARIABLES:

*********************************************************************************************
MODULE STATISTIC
  Name                                      Data   Code  Const
---------------------------------------------------------------------------------------------
  main.c.o                                     0     89      0
  MATH.C.o (ansifs.lib)                        0   1980      8
  MATH08D.C.o (ansifs.lib)                     0      9      0
  MATH08F.C.o (ansifs.lib)                     0    298      0
  RTSHC08.C.o (ansifs.lib)                     2   2665      0
  MC9S08DZ60.C.o                             211      0      0
  Start08.c.o                                  0    176      0
  Init_MCU.c.o                                 0     53      0
  Variablen.c.o                               70      0      0
  Realtime.c.o                                 0     44      0
  Blinklicht.c.o                               0     33      0
  BME680_V01.c.o                               0   2955      0
  SPI_V01.c.o                                  0    123      0
  other                                      128     66      2

*********************************************************************************************
SECTION USE IN OBJECT-ALLOCATION SECTION
---------------------------------------------------------------------------------------------
SECTION: ".text"
  main copysign fabs isint is_special pow_i exp_r log_r pow modf frexp ldexp 
  modff frexpf ldexpf _PUSH_ARGS_L _ENTER_UNARY_L _ENTER_BINARY_L 
  _ENTER_BINARY_L_RC _ENTER_BINARY_L_LC _IDIVMOD _SPLITSIGN _LADD_k_is_k_plus_j 
  _k_is_k_plus_j_l _k_is_k_plus_j_i _LAND_k_is_k_and_j _LOR_k_is_k_or_j 
  _LMUL_k_is_k_mul_j _LDIVMOD _NEG_L_HX _ABS_L_HX _SPLITSIGN_L 
  _LDIVS_k_is_k_div_j _LCMP_k_rel_j _IMUL_STAR08 _IDIVS_STAR08 _IDIVU_STAR08 
  _IDIVU_8 _IASR _ILSR _ILSL _LADD_RC _LAND_RC _LOR _LMUL _LMUL_RC _LDIVS_RC 
  _LASR _LCMP _LCMP_RC _COPY _POP32 _STORE32 _SEXT16_32 _Jump_Table_Header_Addr 
  _Jump_Table_Header_Offset F_CLRK F_CLRK_Unary F_NANK F_INFK F_TLK F_XGKL 
  _UNPACK_k_to_K _UNPACK_k_to_K_Unary _UNPACK_j_to_L _PACK_K_to_k 
  _PACK_K_to_k_Unary F_NORMK _FADD_K_is_K_plus_L _FMUL_K_is_K_times_L 
  _FDIV_K_is_L_div_K _F_LONGK _F_FLOATK _FCMP_k_rel_j _FADD_Common _FSUB_Common 
  _FMUL_Common _FDIV_Common _FADD _FADD_RC _FSUB _FSUB_LC _FMUL _FMUL_RC _FDIV 
  _FDIV_RC _FDIV_LC _FSTRUNC _FNEG _FCMP_RC _FSFLOAT InitMCU _Realtime 
  InitRealtime _Dummy Blinklicht InitBlinklicht BME680_getSensorData 
  BME680_altitude BME680_setOversampling BME680_setIIRFilter BME680_setGas 
  BME680_waitForReadings BME680_measuring BME680_triggerMeasurement BME680_Init 
  BME680_getCalibration SPI_Init SPI_readReg SPI_writeReg SPI_WaitSend SPI_Wait 
SECTION: ".init"
  loadByte Init _Startup 
SECTION: ".rodata"
  infinity nan_union 
SECTION: "_DATA_ZEROPAGE"
  RealTimeFlag RealTimeCounter RunLedCounter BME680_ChipIdCorrect BME680_H6 
  BME680_resHeatRange BME680_H3 BME680_H4 BME680_H5 BME680_H7 BME680_G1 
  BME680_G3 BME680_T3 BME680_P3 BME680_P6 BME680_P7 BME680_P10 BME680_resHeat 
  BME680_rngSwErr BME680_H1 BME680_H2 BME680_T1 BME680_P1 BME680_G2 BME680_T2 
  BME680_P2 BME680_P4 BME680_P5 BME680_P8 BME680_P9 BME680_tFine 
  BME680_temperature BME680_pressure BME680_humidity BME680_gas 
  BME680_altitudeLvl BME680_waitGetData 
SECTION: ".common"
  errno 
SECTION: ".abs_section_0"
  _PTAD 
SECTION: ".abs_section_1"
  _PTADD 
SECTION: ".abs_section_2"
  _PTBD 
SECTION: ".abs_section_3"
  _PTBDD 
SECTION: ".abs_section_4"
  _PTCD 
SECTION: ".abs_section_5"
  _PTCDD 
SECTION: ".abs_section_6"
  _PTDD 
SECTION: ".abs_section_7"
  _PTDDD 
SECTION: ".abs_section_8"
  _PTED 
SECTION: ".abs_section_9"
  _PTEDD 
SECTION: ".abs_section_a"
  _PTFD 
SECTION: ".abs_section_b"
  _PTFDD 
SECTION: ".abs_section_c"
  _PTGD 
SECTION: ".abs_section_d"
  _PTGDD 
SECTION: ".abs_section_e"
  _ACMP1SC 
SECTION: ".abs_section_f"
  _ACMP2SC 
SECTION: ".abs_section_10"
  _ADCSC1 
SECTION: ".abs_section_11"
  _ADCSC2 
SECTION: ".abs_section_16"
  _ADCCFG 
SECTION: ".abs_section_17"
  _APCTL1 
SECTION: ".abs_section_18"
  _APCTL2 
SECTION: ".abs_section_19"
  _APCTL3 
SECTION: ".abs_section_1c"
  _IRQSC 
SECTION: ".abs_section_20"
  _TPM1SC 
SECTION: ".abs_section_25"
  _TPM1C0SC 
SECTION: ".abs_section_28"
  _TPM1C1SC 
SECTION: ".abs_section_2b"
  _TPM1C2SC 
SECTION: ".abs_section_2e"
  _TPM1C3SC 
SECTION: ".abs_section_31"
  _TPM1C4SC 
SECTION: ".abs_section_34"
  _TPM1C5SC 
SECTION: ".abs_section_3a"
  _SCI1C1 
SECTION: ".abs_section_3b"
  _SCI1C2 
SECTION: ".abs_section_3c"
  _SCI1S1 
SECTION: ".abs_section_3d"
  _SCI1S2 
SECTION: ".abs_section_3e"
  _SCI1C3 
SECTION: ".abs_section_3f"
  _SCI1D 
SECTION: ".abs_section_42"
  _SCI2C1 
SECTION: ".abs_section_43"
  _SCI2C2 
SECTION: ".abs_section_44"
  _SCI2S1 
SECTION: ".abs_section_45"
  _SCI2S2 
SECTION: ".abs_section_46"
  _SCI2C3 
SECTION: ".abs_section_47"
  _SCI2D 
SECTION: ".abs_section_48"
  _MCGC1 
SECTION: ".abs_section_49"
  _MCGC2 
SECTION: ".abs_section_4a"
  _MCGTRM 
SECTION: ".abs_section_4b"
  _MCGSC 
SECTION: ".abs_section_4c"
  _MCGC3 
SECTION: ".abs_section_50"
  _SPIC1 
SECTION: ".abs_section_51"
  _SPIC2 
SECTION: ".abs_section_52"
  _SPIBR 
SECTION: ".abs_section_53"
  _SPIS 
SECTION: ".abs_section_55"
  _SPID 
SECTION: ".abs_section_58"
  _IICA 
SECTION: ".abs_section_59"
  _IICF 
SECTION: ".abs_section_5a"
  _IICC1 
SECTION: ".abs_section_5b"
  _IICS 
SECTION: ".abs_section_5c"
  _IICD 
SECTION: ".abs_section_5d"
  _IICC2 
SECTION: ".abs_section_60"
  _TPM2SC 
SECTION: ".abs_section_65"
  _TPM2C0SC 
SECTION: ".abs_section_68"
  _TPM2C1SC 
SECTION: ".abs_section_6c"
  _RTCSC 
SECTION: ".abs_section_6d"
  _RTCCNT 
SECTION: ".abs_section_6e"
  _RTCMOD 
SECTION: ".abs_section_1800"
  _SRS 
SECTION: ".abs_section_1801"
  _SBDFR 
SECTION: ".abs_section_1802"
  _SOPT1 
SECTION: ".abs_section_1803"
  _SOPT2 
SECTION: ".abs_section_1809"
  _SPMSC1 
SECTION: ".abs_section_180a"
  _SPMSC2 
SECTION: ".abs_section_1816"
  _DBGC 
SECTION: ".abs_section_1817"
  _DBGT 
SECTION: ".abs_section_1818"
  _DBGS 
SECTION: ".abs_section_1820"
  _FCDIV 
SECTION: ".abs_section_1821"
  _FOPT 
SECTION: ".abs_section_1823"
  _FCNFG 
SECTION: ".abs_section_1824"
  _FPROT 
SECTION: ".abs_section_1825"
  _FSTAT 
SECTION: ".abs_section_1826"
  _FCMD 
SECTION: ".abs_section_1840"
  _PTAPE 
SECTION: ".abs_section_1841"
  _PTASE 
SECTION: ".abs_section_1842"
  _PTADS 
SECTION: ".abs_section_1844"
  _PTASC 
SECTION: ".abs_section_1845"
  _PTAPS 
SECTION: ".abs_section_1846"
  _PTAES 
SECTION: ".abs_section_1848"
  _PTBPE 
SECTION: ".abs_section_1849"
  _PTBSE 
SECTION: ".abs_section_184a"
  _PTBDS 
SECTION: ".abs_section_184c"
  _PTBSC 
SECTION: ".abs_section_184d"
  _PTBPS 
SECTION: ".abs_section_184e"
  _PTBES 
SECTION: ".abs_section_1850"
  _PTCPE 
SECTION: ".abs_section_1851"
  _PTCSE 
SECTION: ".abs_section_1852"
  _PTCDS 
SECTION: ".abs_section_1858"
  _PTDPE 
SECTION: ".abs_section_1859"
  _PTDSE 
SECTION: ".abs_section_185a"
  _PTDDS 
SECTION: ".abs_section_185c"
  _PTDSC 
SECTION: ".abs_section_185d"
  _PTDPS 
SECTION: ".abs_section_185e"
  _PTDES 
SECTION: ".abs_section_1860"
  _PTEPE 
SECTION: ".abs_section_1861"
  _PTESE 
SECTION: ".abs_section_1862"
  _PTEDS 
SECTION: ".abs_section_1868"
  _PTFPE 
SECTION: ".abs_section_1869"
  _PTFSE 
SECTION: ".abs_section_186a"
  _PTFDS 
SECTION: ".abs_section_1870"
  _PTGPE 
SECTION: ".abs_section_1871"
  _PTGSE 
SECTION: ".abs_section_1872"
  _PTGDS 
SECTION: ".abs_section_1880"
  _CANCTL0 
SECTION: ".abs_section_1881"
  _CANCTL1 
SECTION: ".abs_section_1882"
  _CANBTR0 
SECTION: ".abs_section_1883"
  _CANBTR1 
SECTION: ".abs_section_1884"
  _CANRFLG 
SECTION: ".abs_section_1885"
  _CANRIER 
SECTION: ".abs_section_1886"
  _CANTFLG 
SECTION: ".abs_section_1887"
  _CANTIER 
SECTION: ".abs_section_1888"
  _CANTARQ 
SECTION: ".abs_section_1889"
  _CANTAAK 
SECTION: ".abs_section_188a"
  _CANTBSEL 
SECTION: ".abs_section_188b"
  _CANIDAC 
SECTION: ".abs_section_188d"
  _CANMISC 
SECTION: ".abs_section_188e"
  _CANRXERR 
SECTION: ".abs_section_188f"
  _CANTXERR 
SECTION: ".abs_section_1890"
  _CANIDAR0 
SECTION: ".abs_section_1891"
  _CANIDAR1 
SECTION: ".abs_section_1892"
  _CANIDAR2 
SECTION: ".abs_section_1893"
  _CANIDAR3 
SECTION: ".abs_section_1894"
  _CANIDMR0 
SECTION: ".abs_section_1895"
  _CANIDMR1 
SECTION: ".abs_section_1896"
  _CANIDMR2 
SECTION: ".abs_section_1897"
  _CANIDMR3 
SECTION: ".abs_section_1898"
  _CANIDAR4 
SECTION: ".abs_section_1899"
  _CANIDAR5 
SECTION: ".abs_section_189a"
  _CANIDAR6 
SECTION: ".abs_section_189b"
  _CANIDAR7 
SECTION: ".abs_section_189c"
  _CANIDMR4 
SECTION: ".abs_section_189d"
  _CANIDMR5 
SECTION: ".abs_section_189e"
  _CANIDMR6 
SECTION: ".abs_section_189f"
  _CANIDMR7 
SECTION: ".abs_section_18a4"
  _CANRDSR0 
SECTION: ".abs_section_18a5"
  _CANRDSR1 
SECTION: ".abs_section_18a6"
  _CANRDSR2 
SECTION: ".abs_section_18a7"
  _CANRDSR3 
SECTION: ".abs_section_18a8"
  _CANRDSR4 
SECTION: ".abs_section_18a9"
  _CANRDSR5 
SECTION: ".abs_section_18aa"
  _CANRDSR6 
SECTION: ".abs_section_18ab"
  _CANRDSR7 
SECTION: ".abs_section_18ac"
  _CANRDLR 
SECTION: ".abs_section_18b4"
  _CANTDSR0 
SECTION: ".abs_section_18b5"
  _CANTDSR1 
SECTION: ".abs_section_18b6"
  _CANTDSR2 
SECTION: ".abs_section_18b7"
  _CANTDSR3 
SECTION: ".abs_section_18b8"
  _CANTDSR4 
SECTION: ".abs_section_18b9"
  _CANTDSR5 
SECTION: ".abs_section_18ba"
  _CANTDSR6 
SECTION: ".abs_section_18bb"
  _CANTDSR7 
SECTION: ".abs_section_18bc"
  _CANTDLR 
SECTION: ".abs_section_18bd"
  _CANTTBPR 
SECTION: ".abs_section_12"
  _ADCR 
SECTION: ".abs_section_14"
  _ADCCV 
SECTION: ".abs_section_21"
  _TPM1CNT 
SECTION: ".abs_section_23"
  _TPM1MOD 
SECTION: ".abs_section_26"
  _TPM1C0V 
SECTION: ".abs_section_29"
  _TPM1C1V 
SECTION: ".abs_section_2c"
  _TPM1C2V 
SECTION: ".abs_section_2f"
  _TPM1C3V 
SECTION: ".abs_section_32"
  _TPM1C4V 
SECTION: ".abs_section_35"
  _TPM1C5V 
SECTION: ".abs_section_38"
  _SCI1BD 
SECTION: ".abs_section_40"
  _SCI2BD 
SECTION: ".abs_section_61"
  _TPM2CNT 
SECTION: ".abs_section_63"
  _TPM2MOD 
SECTION: ".abs_section_66"
  _TPM2C0V 
SECTION: ".abs_section_69"
  _TPM2C1V 
SECTION: ".abs_section_1806"
  _SDID 
SECTION: ".abs_section_1810"
  _DBGCA 
SECTION: ".abs_section_1812"
  _DBGCB 
SECTION: ".abs_section_1814"
  _DBGF 
SECTION: ".abs_section_18ae"
  _CANRTSR 
SECTION: ".abs_section_18be"
  _CANTTSR 
SECTION: ".abs_section_18a0"
  _CANRIDR 
SECTION: ".abs_section_18b0"
  _CANTIDR 

*********************************************************************************************
OBJECT LIST SORTED BY ADDRESS
     Name                                      Addr   hSize   dSize     Ref    Section   RLIB
---------------------------------------------------------------------------------------------
     _PTAD                                        0       1       1       1   .abs_section_0
     _PTADD                                       1       1       1       1   .abs_section_1
     _PTBD                                        2       1       1       1   .abs_section_2
     _PTBDD                                       3       1       1       1   .abs_section_3
     _PTCD                                        4       1       1       1   .abs_section_4
     _PTCDD                                       5       1       1       1   .abs_section_5
     _PTDD                                        6       1       1       4   .abs_section_6
     _PTDDD                                       7       1       1       3   .abs_section_7
     _PTED                                        8       1       1       6   .abs_section_8
     _PTEDD                                       9       1       1       5   .abs_section_9
     _PTFD                                        A       1       1       1   .abs_section_a
     _PTFDD                                       B       1       1       1   .abs_section_b
     _PTGD                                        C       1       1       1   .abs_section_c
     _PTGDD                                       D       1       1       1   .abs_section_d
     _ACMP1SC                                     E       1       1       0   .abs_section_e
     _ACMP2SC                                     F       1       1       0   .abs_section_f
     _ADCSC1                                     10       1       1       0   .abs_section_10
     _ADCSC2                                     11       1       1       0   .abs_section_11
     _ADCR                                       12       2       2       0   .abs_section_12
     _ADCCV                                      14       2       2       0   .abs_section_14
     _ADCCFG                                     16       1       1       0   .abs_section_16
     _APCTL1                                     17       1       1       0   .abs_section_17
     _APCTL2                                     18       1       1       0   .abs_section_18
     _APCTL3                                     19       1       1       0   .abs_section_19
     _IRQSC                                      1C       1       1       0   .abs_section_1c
     _TPM1SC                                     20       1       1       0   .abs_section_20
     _TPM1CNT                                    21       2       2       0   .abs_section_21
     _TPM1MOD                                    23       2       2       0   .abs_section_23
     _TPM1C0SC                                   25       1       1       0   .abs_section_25
     _TPM1C0V                                    26       2       2       0   .abs_section_26
     _TPM1C1SC                                   28       1       1       0   .abs_section_28
     _TPM1C1V                                    29       2       2       0   .abs_section_29
     _TPM1C2SC                                   2B       1       1       0   .abs_section_2b
     _TPM1C2V                                    2C       2       2       0   .abs_section_2c
     _TPM1C3SC                                   2E       1       1       0   .abs_section_2e
     _TPM1C3V                                    2F       2       2       0   .abs_section_2f
     _TPM1C4SC                                   31       1       1       0   .abs_section_31
     _TPM1C4V                                    32       2       2       0   .abs_section_32
     _TPM1C5SC                                   34       1       1       0   .abs_section_34
     _TPM1C5V                                    35       2       2       0   .abs_section_35
     _SCI1BD                                     38       2       2       0   .abs_section_38
     _SCI1C1                                     3A       1       1       0   .abs_section_3a
     _SCI1C2                                     3B       1       1       0   .abs_section_3b
     _SCI1S1                                     3C       1       1       0   .abs_section_3c
     _SCI1S2                                     3D       1       1       0   .abs_section_3d
     _SCI1C3                                     3E       1       1       0   .abs_section_3e
     _SCI1D                                      3F       1       1       0   .abs_section_3f
     _SCI2BD                                     40       2       2       0   .abs_section_40
     _SCI2C1                                     42       1       1       0   .abs_section_42
     _SCI2C2                                     43       1       1       0   .abs_section_43
     _SCI2S1                                     44       1       1       0   .abs_section_44
     _SCI2S2                                     45       1       1       0   .abs_section_45
     _SCI2C3                                     46       1       1       0   .abs_section_46
     _SCI2D                                      47       1       1       0   .abs_section_47
     _MCGC1                                      48       1       1       1   .abs_section_48
     _MCGC2                                      49       1       1       1   .abs_section_49
     _MCGTRM                                     4A       1       1       1   .abs_section_4a
     _MCGSC                                      4B       1       1       5   .abs_section_4b
     _MCGC3                                      4C       1       1       1   .abs_section_4c
     _SPIC1                                      50       1       1       2   .abs_section_50
     _SPIC2                                      51       1       1       1   .abs_section_51
     _SPIBR                                      52       1       1       1   .abs_section_52
     _SPIS                                       53       1       1       7   .abs_section_53
     _SPID                                       55       1       1       5   .abs_section_55
     _IICA                                       58       1       1       0   .abs_section_58
     _IICF                                       59       1       1       0   .abs_section_59
     _IICC1                                      5A       1       1       0   .abs_section_5a
     _IICS                                       5B       1       1       0   .abs_section_5b
     _IICD                                       5C       1       1       0   .abs_section_5c
     _IICC2                                      5D       1       1       0   .abs_section_5d
     _TPM2SC                                     60       1       1       0   .abs_section_60
     _TPM2CNT                                    61       2       2       0   .abs_section_61
     _TPM2MOD                                    63       2       2       0   .abs_section_63
     _TPM2C0SC                                   65       1       1       0   .abs_section_65
     _TPM2C0V                                    66       2       2       0   .abs_section_66
     _TPM2C1SC                                   68       1       1       0   .abs_section_68
     _TPM2C1V                                    69       2       2       0   .abs_section_69
     _RTCSC                                      6C       1       1       2   .abs_section_6c
     _RTCCNT                                     6D       1       1       0   .abs_section_6d
     _RTCMOD                                     6E       1       1       1   .abs_section_6e
     RealTimeFlag                                80       1       1       4   _DATA_ZEROPAGE
     RealTimeCounter                             81       1       1       4   _DATA_ZEROPAGE
     RunLedCounter                               82       1       1       4   _DATA_ZEROPAGE
     BME680_ChipIdCorrect                        83       1       1       2   _DATA_ZEROPAGE
     BME680_H6                                   84       2       2       2   _DATA_ZEROPAGE
     BME680_resHeatRange                         86       2       2       2   _DATA_ZEROPAGE
     BME680_H3                                   88       2       2       3   _DATA_ZEROPAGE
     BME680_H4                                   8A       2       2       2   _DATA_ZEROPAGE
     BME680_H5                                   8C       2       2       2   _DATA_ZEROPAGE
     BME680_H7                                   8E       2       2       2   _DATA_ZEROPAGE
     BME680_G1                                   90       2       2       3   _DATA_ZEROPAGE
     BME680_G3                                   92       2       2       1   _DATA_ZEROPAGE
     BME680_T3                                   94       2       2       2   _DATA_ZEROPAGE
     BME680_P3                                   96       2       2       2   _DATA_ZEROPAGE
     BME680_P6                                   98       2       2       2   _DATA_ZEROPAGE
     BME680_P7                                   9A       2       2       2   _DATA_ZEROPAGE
     BME680_P10                                  9C       2       2       1   _DATA_ZEROPAGE
     BME680_resHeat                              9E       2       2       2   _DATA_ZEROPAGE
     BME680_rngSwErr                             A0       2       2       1   _DATA_ZEROPAGE
     BME680_H1                                   A2       2       2       4   _DATA_ZEROPAGE
     BME680_H2                                   A4       2       2       4   _DATA_ZEROPAGE
     BME680_T1                                   A6       2       2       4   _DATA_ZEROPAGE
     BME680_P1                                   A8       2       2       4   _DATA_ZEROPAGE
     BME680_G2                                   AA       2       2       6   _DATA_ZEROPAGE
     BME680_T2                                   AC       2       2       7   _DATA_ZEROPAGE
     BME680_P2                                   AE       2       2       4   _DATA_ZEROPAGE
     BME680_P4                                   B0       2       2       4   _DATA_ZEROPAGE
     BME680_P5                                   B2       2       2       4   _DATA_ZEROPAGE
     BME680_P8                                   B4       2       2       4   _DATA_ZEROPAGE
     BME680_P9                                   B6       2       2       4   _DATA_ZEROPAGE
     BME680_tFine                                B8       2       2       4   _DATA_ZEROPAGE
     BME680_temperature                          BA       2       2       3   _DATA_ZEROPAGE
     BME680_pressure                             BC       2       2      11   _DATA_ZEROPAGE
     BME680_humidity                             BE       2       2       4   _DATA_ZEROPAGE
     BME680_gas                                  C0       2       2       2   _DATA_ZEROPAGE
     BME680_altitudeLvl                          C2       2       2       1   _DATA_ZEROPAGE
     BME680_waitGetData                          C4       2       2       4   _DATA_ZEROPAGE
     errno                                      100       2       2       2   .common     
     _SRS                                      1800       1       1       1   .abs_section_1800
     _SBDFR                                    1801       1       1       0   .abs_section_1801
     _SOPT1                                    1802       1       1       1   .abs_section_1802
     _SOPT2                                    1803       1       1       1   .abs_section_1803
     _SDID                                     1806       2       2       0   .abs_section_1806
     _SPMSC1                                   1809       1       1       1   .abs_section_1809
     _SPMSC2                                   180A       1       1       1   .abs_section_180a
     _DBGCA                                    1810       2       2       0   .abs_section_1810
     _DBGCB                                    1812       2       2       0   .abs_section_1812
     _DBGF                                     1814       2       2       0   .abs_section_1814
     _DBGC                                     1816       1       1       0   .abs_section_1816
     _DBGT                                     1817       1       1       0   .abs_section_1817
     _DBGS                                     1818       1       1       0   .abs_section_1818
     _FCDIV                                    1820       1       1       0   .abs_section_1820
     _FOPT                                     1821       1       1       0   .abs_section_1821
     _FCNFG                                    1823       1       1       0   .abs_section_1823
     _FPROT                                    1824       1       1       0   .abs_section_1824
     _FSTAT                                    1825       1       1       0   .abs_section_1825
     _FCMD                                     1826       1       1       0   .abs_section_1826
     _PTAPE                                    1840       1       1       0   .abs_section_1840
     _PTASE                                    1841       1       1       0   .abs_section_1841
     _PTADS                                    1842       1       1       0   .abs_section_1842
     _PTASC                                    1844       1       1       0   .abs_section_1844
     _PTAPS                                    1845       1       1       0   .abs_section_1845
     _PTAES                                    1846       1       1       0   .abs_section_1846
     _PTBPE                                    1848       1       1       0   .abs_section_1848
     _PTBSE                                    1849       1       1       0   .abs_section_1849
     _PTBDS                                    184A       1       1       0   .abs_section_184a
     _PTBSC                                    184C       1       1       0   .abs_section_184c
     _PTBPS                                    184D       1       1       0   .abs_section_184d
     _PTBES                                    184E       1       1       0   .abs_section_184e
     _PTCPE                                    1850       1       1       0   .abs_section_1850
     _PTCSE                                    1851       1       1       0   .abs_section_1851
     _PTCDS                                    1852       1       1       0   .abs_section_1852
     _PTDPE                                    1858       1       1       0   .abs_section_1858
     _PTDSE                                    1859       1       1       0   .abs_section_1859
     _PTDDS                                    185A       1       1       0   .abs_section_185a
     _PTDSC                                    185C       1       1       0   .abs_section_185c
     _PTDPS                                    185D       1       1       0   .abs_section_185d
     _PTDES                                    185E       1       1       0   .abs_section_185e
     _PTEPE                                    1860       1       1       0   .abs_section_1860
     _PTESE                                    1861       1       1       0   .abs_section_1861
     _PTEDS                                    1862       1       1       1   .abs_section_1862
     _PTFPE                                    1868       1       1       0   .abs_section_1868
     _PTFSE                                    1869       1       1       0   .abs_section_1869
     _PTFDS                                    186A       1       1       0   .abs_section_186a
     _PTGPE                                    1870       1       1       0   .abs_section_1870
     _PTGSE                                    1871       1       1       0   .abs_section_1871
     _PTGDS                                    1872       1       1       0   .abs_section_1872
     _CANCTL0                                  1880       1       1       0   .abs_section_1880
     _CANCTL1                                  1881       1       1       0   .abs_section_1881
     _CANBTR0                                  1882       1       1       0   .abs_section_1882
     _CANBTR1                                  1883       1       1       0   .abs_section_1883
     _CANRFLG                                  1884       1       1       0   .abs_section_1884
     _CANRIER                                  1885       1       1       0   .abs_section_1885
     _CANTFLG                                  1886       1       1       0   .abs_section_1886
     _CANTIER                                  1887       1       1       0   .abs_section_1887
     _CANTARQ                                  1888       1       1       0   .abs_section_1888
     _CANTAAK                                  1889       1       1       0   .abs_section_1889
     _CANTBSEL                                 188A       1       1       0   .abs_section_188a
     _CANIDAC                                  188B       1       1       0   .abs_section_188b
     _CANMISC                                  188D       1       1       0   .abs_section_188d
     _CANRXERR                                 188E       1       1       0   .abs_section_188e
     _CANTXERR                                 188F       1       1       0   .abs_section_188f
     _CANIDAR0                                 1890       1       1       0   .abs_section_1890
     _CANIDAR1                                 1891       1       1       0   .abs_section_1891
     _CANIDAR2                                 1892       1       1       0   .abs_section_1892
     _CANIDAR3                                 1893       1       1       0   .abs_section_1893
[...]
                                _FMUL _FMUL_RC _FADD _SEXT16_32 _FSFLOAT 
pow                       USES pow is_special _Jump_Table_Header_Offset 
                                infinity _Jump_Table_Header_Addr _FCMP_RC isint 
                                nan_union _FNEG log_r _FMUL _POP32 _COPY pow_i exp_r 
                                fabs errno 
modf                      USES modff 
frexp                     USES frexpf 
ldexp                     USES ldexpf 
modff                     USES _COPY 
frexpf                    USES _COPY 
ldexpf                    USES _COPY 
_ENTER_BINARY_L           USES _PUSH_ARGS_L 
_ENTER_BINARY_L_RC        USES _PUSH_ARGS_L 
_ENTER_BINARY_L_LC        USES _PUSH_ARGS_L 
_SPLITSIGN                USES _IDIVMOD 
_LMUL_k_is_k_mul_j        USES _k_is_k_plus_j_l _k_is_k_plus_j_i 
_ABS_L_HX                 USES _NEG_L_HX 
_SPLITSIGN_L              USES _ABS_L_HX 
_LDIVS_k_is_k_div_j       USES _SPLITSIGN_L _LDIVMOD _NEG_L_HX 
_IDIVS_STAR08             USES _SPLITSIGN 
_IDIVU_STAR08             USES _IDIVMOD 
_IDIVU_8                  USES _IDIVU_STAR08 
_LADD_RC                  USES _ENTER_BINARY_L_RC _LADD_k_is_k_plus_j 
_LAND_RC                  USES _ENTER_BINARY_L_RC _LAND_k_is_k_and_j 
_LOR                      USES _ENTER_BINARY_L _LOR_k_is_k_or_j 
_LMUL                     USES _ENTER_BINARY_L _LMUL_k_is_k_mul_j 
_LMUL_RC                  USES _ENTER_BINARY_L_RC _LMUL_k_is_k_mul_j 
_LDIVS_RC                 USES _ENTER_BINARY_L_RC _LDIVS_k_is_k_div_j 
_LASR                     USES _ENTER_UNARY_L 
_LCMP                     USES _ENTER_BINARY_L _LCMP_k_rel_j 
_LCMP_RC                  USES _ENTER_BINARY_L_RC _LCMP_k_rel_j 
F_NORMK                   USES F_CLRK F_INFK 
_FADD_K_is_K_plus_L       USES F_NANK F_TLK F_XGKL 
_FMUL_K_is_K_times_L      USES F_CLRK F_NANK F_INFK F_TLK 
_FDIV_K_is_L_div_K        USES F_NANK F_INFK F_CLRK 
_F_LONGK                  USES _NEG_L_HX 
_F_FLOATK                 USES F_CLRK_Unary 
_FADD_Common              USES _UNPACK_k_to_K _UNPACK_j_to_L 
                                _FADD_K_is_K_plus_L F_NORMK _PACK_K_to_k 
_FSUB_Common              USES _FADD_Common 
_FMUL_Common              USES _UNPACK_k_to_K _UNPACK_j_to_L 
                                _FMUL_K_is_K_times_L F_NORMK _PACK_K_to_k 
_FDIV_Common              USES _UNPACK_k_to_K _UNPACK_j_to_L 
                                _FDIV_K_is_L_div_K F_NORMK _PACK_K_to_k 
_FADD                     USES _ENTER_BINARY_L _FADD_Common 
_FADD_RC                  USES _ENTER_BINARY_L_RC _FADD_Common 
_FSUB                     USES _ENTER_BINARY_L _FSUB_Common 
_FSUB_LC                  USES _ENTER_BINARY_L_LC _FSUB_Common 
_FMUL                     USES _ENTER_BINARY_L _FMUL_Common 
_FMUL_RC                  USES _ENTER_BINARY_L_RC _FMUL_Common 
_FDIV                     USES _ENTER_BINARY_L _FDIV_Common 
_FDIV_RC                  USES _ENTER_BINARY_L_LC _FDIV_Common 
_FDIV_LC                  USES _ENTER_BINARY_L_RC _FDIV_Common 
_FSTRUNC                  USES _ENTER_UNARY_L _UNPACK_k_to_K_Unary _F_LONGK 
_FNEG                     USES _ENTER_UNARY_L 
_FCMP_RC                  USES _ENTER_BINARY_L_RC _FCMP_k_rel_j 
_FSFLOAT                  USES _ENTER_UNARY_L _F_FLOATK _NEG_L_HX 
                                _PACK_K_to_k_Unary 
InitMCU                   USES _SOPT1 _SOPT2 _SPMSC1 _SPMSC2 _MCGTRM _MCGSC 
                                _MCGC2 _MCGC1 _MCGC3 
_Realtime                 USES _RTCSC RealTimeCounter RealTimeFlag 
InitRealtime              USES _RTCMOD _RTCSC RealTimeFlag RealTimeCounter 
Blinklicht                USES RunLedCounter _PTDD 
InitBlinklicht            USES _PTDDD RunLedCounter 
BME680_getSensorData      USES BME680_getSensorData BME680_H1 BME680_H2 
                                BME680_T1 BME680_P1 BME680_G2 BME680_T2 BME680_P2 
                                BME680_P4 BME680_P5 BME680_P8 BME680_P9 SPI_readReg 
                                _ILSL _ILSR _IMUL_STAR08 _IASR BME680_T3 
                                BME680_tFine BME680_temperature BME680_P6 BME680_P3 
                                _SEXT16_32 _LADD_RC _LMUL _LASR BME680_pressure _LCMP_RC 
                                _IDIVS_STAR08 BME680_P7 BME680_H3 _IDIVU_STAR08 BME680_H5 
                                BME680_H4 BME680_H6 BME680_H7 BME680_humidity BME680_gas 
                                BME680_triggerMeasurement 
BME680_altitude           USES _SEXT16_32 _FSFLOAT _FDIV_RC _FDIV pow _FSUB_LC 
                                _FMUL_RC _POP32 _FSTRUNC 
BME680_setOversampling    USES BME680_waitForReadings SPI_readReg SPI_writeReg 
BME680_setIIRFilter       USES SPI_readReg BME680_waitForReadings SPI_writeReg 
BME680_setGas             USES BME680_waitForReadings SPI_readReg BME680_G2 
                                SPI_writeReg BME680_temperature _IDIVS_STAR08 BME680_H3 
                                _IMUL_STAR08 _IDIVU_STAR08 _LADD_RC _LMUL _LMUL_RC 
                                _LDIVS_RC BME680_G1 BME680_resHeatRange BME680_resHeat 
                                _IDIVU_8 _ILSL 
BME680_waitForReadings    USES BME680_measuring 
BME680_measuring          USES SPI_readReg 
BME680_triggerMeasurement USES SPI_readReg SPI_writeReg 
BME680_Init               USES SPI_readReg BME680_waitGetData 
                                BME680_getCalibration SPI_writeReg BME680_setOversampling 
                                BME680_setIIRFilter BME680_setGas BME680_ChipIdCorrect 
BME680_getCalibration     USES SPI_readReg BME680_getCalibration BME680_T1 
                                BME680_T2 BME680_T3 BME680_P1 BME680_P2 BME680_P3 
                                BME680_P4 BME680_P5 BME680_P6 BME680_P7 BME680_P8 
                                BME680_P9 BME680_P10 BME680_H1 BME680_H2 BME680_H3 
                                BME680_H4 BME680_H5 BME680_H6 BME680_H7 BME680_G1 
                                BME680_G2 BME680_G3 BME680_resHeatRange BME680_resHeat 
                                BME680_rngSwErr 
SPI_Init                  USES _SPIC1 _SPIC2 _SPIBR _PTEDD _PTED _PTEDS 
SPI_readReg               USES _SPIS _PTED SPI_WaitSend _SPID SPI_Wait 
SPI_writeReg              USES _SPIS _PTED SPI_WaitSend _SPID SPI_Wait 
SPI_WaitSend              USES _SPIS 

*********************************************************************************************
DEPENDENCY TREE
*********************************************************************************************
 main and _Startup Group
 | 
 +- main                
 |  | 
 |  +- Blinklicht          
 |  |    
 |  +- BME680_getSensorData
 |  |  | 
 |  |  +- SPI_readReg         
 |  |  |  | 
 |  |  |  +- SPI_WaitSend        
 |  |  |  |    
 |  |  |  +- SPI_Wait            
 |  |  |       
 |  |  +- _ILSL               
 |  |  |    
 |  |  +- _ILSR               
 |  |  |    
 |  |  +- _IMUL_STAR08        
 |  |  |    
 |  |  +- _IASR               
 |  |  |    
 |  |  +- _SEXT16_32          
 |  |  |    
 |  |  +- _LADD_RC            
 |  |  |  | 
 |  |  |  +- _ENTER_BINARY_L_RC  
 |  |  |  |  | 
 |  |  |  |  +- _PUSH_ARGS_L        
 |  |  |  |       
 |  |  |  +- _LADD_k_is_k_plus_j 
 |  |  |       
 |  |  +- _LMUL               
 |  |  |  | 
 |  |  |  +- _ENTER_BINARY_L     
 |  |  |  |  | 
 |  |  |  |  +- _PUSH_ARGS_L         (see above)
 |  |  |  |     
 |  |  |  +- _LMUL_k_is_k_mul_j  
 |  |  |     | 
 |  |  |     +- _k_is_k_plus_j_l    
 |  |  |     |    
 |  |  |     +- _k_is_k_plus_j_i    
 |  |  |          
 |  |  +- _LASR               
 |  |  |  | 
 |  |  |  +- _ENTER_UNARY_L      
 |  |  |       
 |  |  +- _LCMP_RC            
 |  |  |  | 
 |  |  |  +- _ENTER_BINARY_L_RC   (see above)
 |  |  |  |  
 |  |  |  +- _LCMP_k_rel_j       
 |  |  |       
 |  |  +- _IDIVS_STAR08       
 |  |  |  | 
 |  |  |  +- _SPLITSIGN          
 |  |  |     | 
 |  |  |     +- _IDIVMOD            
 |  |  |          
 |  |  +- _IDIVU_STAR08       
 |  |  |  | 
 |  |  |  +- _IDIVMOD             (see above)
 |  |  |     
 |  |  +- BME680_triggerMeasurement
 |  |     | 
 |  |     +- SPI_readReg          (see above)
 |  |     |  
 |  |     +- SPI_writeReg        
 |  |        | 
 |  |        +- SPI_WaitSend         (see above)
 |  |        |  
 |  |        +- SPI_Wait             (see above)
 |  |           
 |  +- BME680_altitude     
 |     | 
 |     +- _SEXT16_32           (see above)
 |     |  
 |     +- _FSFLOAT            
 |     |  | 
 |     |  +- _ENTER_UNARY_L       (see above)
 |     |  |  
 |     |  +- _F_FLOATK           
 |     |  |  | 
 |     |  |  +- F_CLRK_Unary        
 |     |  |       
 |     |  +- _NEG_L_HX           
 |     |  |    
 |     |  +- _PACK_K_to_k_Unary  
 |     |       
 |     +- _FDIV_RC            
 |     |  | 
 |     |  +- _ENTER_BINARY_L_LC  
 |     |  |  | 
 |     |  |  +- _PUSH_ARGS_L         (see above)
 |     |  |     
 |     |  +- _FDIV_Common        
 |     |     | 
 |     |     +- _UNPACK_k_to_K      
 |     |     |    
 |     |     +- _UNPACK_j_to_L      
 |     |     |    
 |     |     +- _FDIV_K_is_L_div_K  
 |     |     |  | 
 |     |     |  +- F_NANK              
 |     |     |  |    
 |     |     |  +- F_INFK              
 |     |     |  |    
 |     |     |  +- F_CLRK              
 |     |     |       
 |     |     +- F_NORMK             
 |     |     |  | 
 |     |     |  +- F_CLRK               (see above)
 |     |     |  |  
 |     |     |  +- F_INFK               (see above)
 |     |     |     
 |     |     +- _PACK_K_to_k        
 |     |          
 |     +- _FDIV               
 |     |  | 
 |     |  +- _ENTER_BINARY_L      (see above)
 |     |  |  
 |     |  +- _FDIV_Common         (see above)
 |     |     
 |     +- pow                 
 |     |  | 
 |     |  +- is_special          
 |     |  |  | 
 |     |  |  +- _LAND_RC            
 |     |  |  |  | 
 |     |  |  |  +- _ENTER_BINARY_L_RC   (see above)
 |     |  |  |  |  
 |     |  |  |  +- _LAND_k_is_k_and_j  
 |     |  |  |       
 |     |  |  +- _LCMP_RC             (see above)
 |     |  |     
 |     |  +- _Jump_Table_Header_Offset
 |     |  |    
 |     |  +- _Jump_Table_Header_Addr
 |     |  |    
 |     |  +- _FCMP_RC            
 |     |  |  | 
 |     |  |  +- _ENTER_BINARY_L_RC   (see above)
 |     |  |  |  
 |     |  |  +- _FCMP_k_rel_j       
 |     |  |       
 |     |  +- isint               
 |     |  |  | 
 |     |  |  +- modf                
 |     |  |  |  | 
 |     |  |  |  +- modff               
 |     |  |  |     | 
 |     |  |  |     +- _COPY               
 |     |  |  |          
 |     |  |  +- _LCMP               
 |     |  |  |  | 
 |     |  |  |  +- _ENTER_BINARY_L      (see above)
 |     |  |  |  |  
 |     |  |  |  +- _LCMP_k_rel_j        (see above)
 |     |  |  |     
 |     |  |  +- _FSTRUNC            
 |     |  |  |  | 
 |     |  |  |  +- _ENTER_UNARY_L       (see above)
 |     |  |  |  |  
 |     |  |  |  +- _UNPACK_k_to_K_Unary
 |     |  |  |  |    
 |     |  |  |  +- _F_LONGK            
 |     |  |  |     | 
 |     |  |  |     +- _NEG_L_HX            (see above)
 |     |  |  |        
 |     |  |  +- _POP32              
 |     |  |       
 |     |  +- _FNEG               
 |     |  |  | 
 |     |  |  +- _ENTER_UNARY_L       (see above)
 |     |  |     
 |     |  +- log_r               
 |     |  |  | 
 |     |  |  +- frexp               
 |     |  |  |  | 
 |     |  |  |  +- frexpf              
 |     |  |  |     | 
 |     |  |  |     +- _COPY                (see above)
 |     |  |  |        
 |     |  |  +- _FCMP_RC             (see above)
 |     |  |  |  
 |     |  |  +- _FADD_RC            
 |     |  |  |  | 
 |     |  |  |  +- _ENTER_BINARY_L_RC   (see above)
 |     |  |  |  |  
 |     |  |  |  +- _FADD_Common        
 |     |  |  |     | 
 |     |  |  |     +- _UNPACK_k_to_K       (see above)
 |     |  |  |     |  
 |     |  |  |     +- _UNPACK_j_to_L       (see above)
 |     |  |  |     |  
 |     |  |  |     +- _FADD_K_is_K_plus_L 
 |     |  |  |     |  | 
 |     |  |  |     |  +- F_NANK               (see above)
 |     |  |  |     |  |  
 |     |  |  |     |  +- F_TLK               
 |     |  |  |     |  |    
 |     |  |  |     |  +- F_XGKL              
 |     |  |  |     |       
 |     |  |  |     +- F_NORMK              (see above)
 |     |  |  |     |  
 |     |  |  |     +- _PACK_K_to_k         (see above)
 |     |  |  |        
 |     |  |  +- _POP32               (see above)
 |     |  |  |  
 |     |  |  +- ldexp               
 |     |  |  |  | 
 |     |  |  |  +- ldexpf              
 |     |  |  |     | 
 |     |  |  |     +- _COPY                (see above)
 |     |  |  |        
 |     |  |  +- _FDIV                (see above)
 |     |  |  |  
 |     |  |  +- _FMUL               
 |     |  |  |  | 
 |     |  |  |  +- _ENTER_BINARY_L      (see above)
 |     |  |  |  |  
 |     |  |  |  +- _FMUL_Common        
 |     |  |  |     | 
 |     |  |  |     +- _UNPACK_k_to_K       (see above)
 |     |  |  |     |  
 |     |  |  |     +- _UNPACK_j_to_L       (see above)
 |     |  |  |     |  
 |     |  |  |     +- _FMUL_K_is_K_times_L
 |     |  |  |     |  | 
 |     |  |  |     |  +- F_CLRK               (see above)
 |     |  |  |     |  |  
 |     |  |  |     |  +- F_NANK               (see above)
 |     |  |  |     |  |  
 |     |  |  |     |  +- F_INFK               (see above)
 |     |  |  |     |  |  
 |     |  |  |     |  +- F_TLK                (see above)
 |     |  |  |     |     
 |     |  |  |     +- F_NORMK              (see above)
 |     |  |  |     |  
 |     |  |  |     +- _PACK_K_to_k         (see above)
 |     |  |  |        
 |     |  |  +- _FMUL_RC            
 |     |  |  |  | 
 |     |  |  |  +- _ENTER_BINARY_L_RC   (see above)
 |     |  |  |  |  
 |     |  |  |  +- _FMUL_Common         (see above)
 |     |  |  |     
 |     |  |  +- _FADD               
 |     |  |  |  | 
 |     |  |  |  +- _ENTER_BINARY_L      (see above)
 |     |  |  |  |  
 |     |  |  |  +- _FADD_Common         (see above)
 |     |  |  |     
 |     |  |  +- _SEXT16_32           (see above)
 |     |  |  |  
 |     |  |  +- _FSFLOAT             (see above)
 |     |  |     
 |     |  +- _FMUL                (see above)
 |     |  |  
 |     |  +- _POP32               (see above)
 |     |  |  
 |     |  +- _COPY                (see above)
 |     |  |  
 |     |  +- pow_i               
 |     |  |  | 
 |     |  |  +- _FDIV_LC            
 |     |  |  |  | 
 |     |  |  |  +- _ENTER_BINARY_L_RC   (see above)
 |     |  |  |  |  
 |     |  |  |  +- _FDIV_Common         (see above)
 |     |  |  |     
 |     |  |  +- _POP32               (see above)
 |     |  |  |  
 |     |  |  +- _Jump_Table_Header_Offset (see above)
 |     |  |  |  
 |     |  |  +- _FMUL                (see above)
 |     |  |  |  
 |     |  |  +- _COPY                (see above)
 |     |  |     
 |     |  +- exp_r               
 |     |  |  | 
 |     |  |  +- _FCMP_RC             (see above)
 |     |  |  |  
 |     |  |  +- fabs                
 |     |  |  |  | 
 |     |  |  |  +- _COPY                (see above)
 |     |  |  |     
 |     |  |  +- copysign            
 |     |  |  |  | 
 |     |  |  |  +- _LAND_RC             (see above)
 |     |  |  |  |  
 |     |  |  |  +- _LOR                
 |     |  |  |  |  | 
 |     |  |  |  |  +- _ENTER_BINARY_L      (see above)
 |     |  |  |  |  |  
 |     |  |  |  |  +- _LOR_k_is_k_or_j    
 |     |  |  |  |       
 |     |  |  |  +- _POP32               (see above)
 |     |  |  |  |  
 |     |  |  |  +- _COPY                (see above)
 |     |  |  |     
 |     |  |  +- _FMUL_RC             (see above)
 |     |  |  |  
 |     |  |  +- _FADD                (see above)
 |     |  |  |  
 |     |  |  +- _FSTRUNC             (see above)
 |     |  |  |  
 |     |  |  +- _SEXT16_32           (see above)
 |     |  |  |  
 |     |  |  +- _FSFLOAT             (see above)
 |     |  |  |  
 |     |  |  +- _FSUB               
 |     |  |  |  | 
 |     |  |  |  +- _ENTER_BINARY_L      (see above)
 |     |  |  |  |  
 |     |  |  |  +- _FSUB_Common        
 |     |  |  |     | 
 |     |  |  |     +- _FADD_Common         (see above)
 |     |  |  |        
 |     |  |  +- _POP32               (see above)
 |     |  |  |  
 |     |  |  +- _STORE32            
 |     |  |  |    
 |     |  |  +- _FMUL                (see above)
 |     |  |  |  
 |     |  |  +- _FADD_RC             (see above)
 |     |  |  |  
 |     |  |  +- _FSUB_LC            
 |     |  |  |  | 
 |     |  |  |  +- _ENTER_BINARY_L_LC   (see above)
 |     |  |  |  |  
 |     |  |  |  +- _FSUB_Common         (see above)
 |     |  |  |     
 |     |  |  +- _FDIV                (see above)
 |     |  |  |  
 |     |  |  +- ldexp                (see above)
 |     |  |  |  
 |     |  |  +- _COPY                (see above)
 |     |  |     
 |     |  +- fabs                 (see above)
 |     |     
 |     +- _FSUB_LC             (see above)
 |     |  
 |     +- _FMUL_RC             (see above)
 |     |  
 |     +- _POP32               (see above)
 |     |  
 |     +- _FSTRUNC             (see above)
 |        
 +- _Startup            
    | 
    +- Init                
    |  | 
    |  +- loadByte            
    |       
    +- InitMCU             
    |    
    +- InitRealtime        
    |    
    +- InitBlinklicht      
    |    
    +- SPI_Init            
    |    
    +- BME680_Init         
    |  | 
    |  +- SPI_readReg          (see above)
    |  |  
    |  +- BME680_getCalibration
    |  |  | 
    |  |  +- SPI_readReg          (see above)
    |  |     
    |  +- SPI_writeReg         (see above)
    |  |  
    |  +- BME680_setOversampling
    |  |  | 
    |  |  +- BME680_waitForReadings
    |  |  |  | 
    |  |  |  +- BME680_measuring    
    |  |  |     | 
    |  |  |     +- SPI_readReg          (see above)
    |  |  |        
    |  |  +- SPI_readReg          (see above)
    |  |  |  
    |  |  +- SPI_writeReg         (see above)
    |  |     
    |  +- BME680_setIIRFilter 
    |  |  | 
    |  |  +- SPI_readReg          (see above)
    |  |  |  
    |  |  +- BME680_waitForReadings (see above)
    |  |  |  
    |  |  +- SPI_writeReg         (see above)
    |  |     
    |  +- BME680_setGas       
    |     | 
    |     +- BME680_waitForReadings (see above)
    |     |  
    |     +- SPI_readReg          (see above)
    |     |  
    |     +- SPI_writeReg         (see above)
    |     |  
    |     +- _IDIVS_STAR08        (see above)
    |     |  
    |     +- _IMUL_STAR08         (see above)
    |     |  
    |     +- _IDIVU_STAR08        (see above)
    |     |  
    |     +- _LADD_RC             (see above)
    |     |  
    |     +- _LMUL                (see above)
    |     |  
    |     +- _LMUL_RC            
    |     |  | 
    |     |  +- _ENTER_BINARY_L_RC   (see above)
    |     |  |  
    |     |  +- _LMUL_k_is_k_mul_j   (see above)
    |     |     
    |     +- _LDIVS_RC           
    |     |  | 
    |     |  +- _ENTER_BINARY_L_RC   (see above)
    |     |  |  
    |     |  +- _LDIVS_k_is_k_div_j 
    |     |     | 
    |     |     +- _SPLITSIGN_L        
    |     |     |  | 
    |     |     |  +- _ABS_L_HX           
    |     |     |     | 
    |     |     |     +- _NEG_L_HX            (see above)
    |     |     |        
    |     |     +- _LDIVMOD            
    |     |     |    
    |     |     +- _NEG_L_HX            (see above)
    |     |        
    |     +- _IDIVU_8            
    |     |  | 
    |     |  +- _IDIVU_STAR08        (see above)
    |     |     
    |     +- _ILSL                (see above)
    |        
    +- main                 (see above)
       
 _Realtime           
   
*********************************************************************************************
STATISTIC SECTION
---------------------------------------------------------------------------------------------

ExeFile:
--------
Number of blocks to be downloaded: 4
Total size of all blocks to be downloaded: 8501

